                                      1 ;--------------------------------------------------------
                                      2 ; File Created by SDCC : free open source ANSI-C Compiler
                                      3 ; Version 4.2.0 #13081 (MINGW64)
                                      4 ;--------------------------------------------------------
                                      5 	.module test4
                                      6 	.optsdcc -mz80
                                      7 	
                                      8 ;--------------------------------------------------------
                                      9 ; Public variables in this module
                                     10 ;--------------------------------------------------------
                                     11 	.globl _main
                                     12 	.globl _y
                                     13 	.globl _x
                                     14 ;--------------------------------------------------------
                                     15 ; special function registers
                                     16 ;--------------------------------------------------------
                                     17 ;--------------------------------------------------------
                                     18 ; ram data
                                     19 ;--------------------------------------------------------
                                     20 	.area _DATA
      000000                         21 _x::
      000000                         22 	.ds 2
      000002                         23 _y::
      000002                         24 	.ds 2
                                     25 ;--------------------------------------------------------
                                     26 ; ram data
                                     27 ;--------------------------------------------------------
                                     28 	.area _INITIALIZED
                                     29 ;--------------------------------------------------------
                                     30 ; absolute external ram data
                                     31 ;--------------------------------------------------------
                                     32 	.area _DABS (ABS)
                                     33 ;--------------------------------------------------------
                                     34 ; global & static initialisations
                                     35 ;--------------------------------------------------------
                                     36 	.area _HOME
                                     37 	.area _GSINIT
                                     38 	.area _GSFINAL
                                     39 	.area _GSINIT
                                     40 ;--------------------------------------------------------
                                     41 ; Home
                                     42 ;--------------------------------------------------------
                                     43 	.area _HOME
                                     44 	.area _HOME
                                     45 ;--------------------------------------------------------
                                     46 ; code
                                     47 ;--------------------------------------------------------
                                     48 	.area _CODE
                                     49 ;test4.c:4: void main(void){
                                     50 ;	---------------------------------
                                     51 ; Function main
                                     52 ; ---------------------------------
      000000                         53 _main::
                                     54 ;test4.c:5: x = 5;
      000000 21 05 00         [10]   55 	ld	hl, #0x0005
      000003 22r00r00         [16]   56 	ld	(_x), hl
                                     57 ;test4.c:6: y = 10; 
      000006 2E 0A            [ 7]   58 	ld	l, #0x0a
      000008 22r02r00         [16]   59 	ld	(_y), hl
                                     60 ;test4.c:7: x += y;
      00000B 21r02r00         [10]   61 	ld	hl, #_y
      00000E D5               [11]   62 	push	de
      00000F 11r00r00         [10]   63 	ld	de, #_x
      000012 1A               [ 7]   64 	ld	a, (de)
      000013 86               [ 7]   65 	add	a, (hl)
      000014 23               [ 6]   66 	inc	hl
      000015 12               [ 7]   67 	ld	(de), a
      000016 13               [ 6]   68 	inc	de
      000017 1A               [ 7]   69 	ld	a, (de)
      000018 8E               [ 7]   70 	adc	a, (hl)
      000019 12               [ 7]   71 	ld	(de), a
      00001A D1               [10]   72 	pop	de
                                     73 ;test4.c:8: }
      00001B C9               [10]   74 	ret
                                     75 	.area _CODE
                                     76 	.area _INITIALIZER
                                     77 	.area _CABS (ABS)
