MO decode_state NULL "../../CPU FILES/Aaron a-z80 - Py Export/decode_state.v" vlg04/decode__state.bin 1666012650
MO data_switch NULL "../../CPU FILES/Aaron a-z80 - Py Export/data_switch.v" vlg27/data__switch.bin 1666012650
MO alu_mux_2z NULL "../../CPU FILES/Aaron a-z80 - Py Export/alu_mux_2z.v" vlg22/alu__mux__2z.bin 1666012649
MO z80_top_direct_n NULL "../../CPU FILES/Aaron a-z80 - Py Export/z80_top_direct_n.v" vlg5B/z80__top__direct__n.bin 1666012650
MO alu_mux_3z NULL "../../CPU FILES/Aaron a-z80 - Py Export/alu_mux_3z.v" vlg27/alu__mux__3z.bin 1666012649
MO resets NULL "../../CPU FILES/Aaron a-z80 - Py Export/resets.v" vlg6A/resets.bin 1666012649
MO address_latch NULL "../../CPU FILES/Aaron a-z80 - Py Export/address_latch.v" vlg29/address__latch.bin 1666012650
MO clk_delay NULL "../../CPU FILES/Aaron a-z80 - Py Export/clk_delay.v" vlg4C/clk__delay.bin 1666012650
MO address_mux NULL "../../CPU FILES/Aaron a-z80 - Py Export/address_mux.v" vlg23/address__mux.bin 1666012649
MO alu_control NULL "../../CPU FILES/Aaron a-z80 - Py Export/alu_control.v" vlg5E/alu__control.bin 1666012650
MO alu_prep_daa NULL "../../CPU FILES/Aaron a-z80 - Py Export/alu_prep_daa.v" vlg69/alu__prep__daa.bin 1666012649
MO data_pins NULL "../../CPU FILES/Aaron a-z80 - Py Export/data_pins.v" vlg13/data__pins.bin 1666012650
MO ir NULL "../../CPU FILES/Aaron a-z80 - Py Export/ir.v" vlg7F/ir.bin 1666012649
MO memory_ifc NULL "../../CPU FILES/Aaron a-z80 - Py Export/memory_ifc.v" vlg5E/memory__ifc.bin 1666012649
MO alu_shifter_core NULL "../../CPU FILES/Aaron a-z80 - Py Export/alu_shifter_core.v" vlg2A/alu__shifter__core.bin 1666012649
MO pin_control NULL "../../CPU FILES/Aaron a-z80 - Py Export/pin_control.v" vlg1F/pin__control.bin 1666012649
MO alu_core NULL "../../CPU FILES/Aaron a-z80 - Py Export/alu_core.v" vlg4E/alu__core.bin 1666012649
MO alu_mux_2 NULL "../../CPU FILES/Aaron a-z80 - Py Export/alu_mux_2.v" vlg08/alu__mux__2.bin 1666012649
MO top NULL top.v vlg6F/top.bin 1666012650
MO data_switch_mask NULL "../../CPU FILES/Aaron a-z80 - Py Export/data_switch_mask.v" vlg5E/data__switch__mask.bin 1666012650
MO alu_mux_4 NULL "../../CPU FILES/Aaron a-z80 - Py Export/alu_mux_4.v" vlg0A/alu__mux__4.bin 1666012649
MO alu_slice NULL "../../CPU FILES/Aaron a-z80 - Py Export/alu_slice.v" vlg19/alu__slice.bin 1666012649
MO alu_mux_8 NULL "../../CPU FILES/Aaron a-z80 - Py Export/alu_mux_8.v" vlg0E/alu__mux__8.bin 1666012649
MO alu_flags NULL "../../CPU FILES/Aaron a-z80 - Py Export/alu_flags.v" vlg36/alu__flags.bin 1666012650
MO reg_file NULL "../../CPU FILES/Aaron a-z80 - Py Export/reg_file.v" vlg69/reg__file.bin 1666012649
MO reg_latch NULL "../../CPU FILES/Aaron a-z80 - Py Export/reg_latch.v" vlg71/reg__latch.bin 1666012649
MO pla_decode NULL "../../CPU FILES/Aaron a-z80 - Py Export/pla_decode.v" vlg50/pla__decode.bin 1666012649
MO reg_control NULL "../../CPU FILES/Aaron a-z80 - Py Export/reg_control.v" vlg56/reg__control.bin 1666012649
MO alu_select NULL "../../CPU FILES/Aaron a-z80 - Py Export/alu_select.v" vlg79/alu__select.bin 1666012650
MO interrupts NULL "../../CPU FILES/Aaron a-z80 - Py Export/interrupts.v" vlg40/interrupts.bin 1666012649
MO execute NULL "../../CPU FILES/Aaron a-z80 - Py Export/execute.v" vlg67/execute.bin 1666012649
MO control_pins_n NULL "../../CPU FILES/Aaron a-z80 - Py Export/control_pins_n.v" vlg27/control__pins__n.bin 1666012650
MO bus_switch NULL "../../CPU FILES/Aaron a-z80 - Py Export/bus_switch.v" vlg53/bus__switch.bin 1666012650
MO bus_control NULL "../../CPU FILES/Aaron a-z80 - Py Export/bus_control.v" vlg22/bus__control.bin 1666012650
MO alu_bit_select NULL "../../CPU FILES/Aaron a-z80 - Py Export/alu_bit_select.v" vlg17/alu__bit__select.bin 1666012649
MO address_pins NULL "../../CPU FILES/Aaron a-z80 - Py Export/address_pins.v" vlg3B/address__pins.bin 1666012650
MO inc_dec_2bit NULL "../../CPU FILES/Aaron a-z80 - Py Export/inc_dec_2bit.v" vlg3D/inc__dec__2bit.bin 1666012649
MO inc_dec NULL "../../CPU FILES/Aaron a-z80 - Py Export/inc_dec.v" vlg2D/inc__dec.bin 1666012649
MO alu NULL "../../CPU FILES/Aaron a-z80 - Py Export/alu.v" vlg0A/alu.bin 1666012650
MO sequencer NULL "../../CPU FILES/Aaron a-z80 - Py Export/sequencer.v" vlg67/sequencer.bin 1666012649
